---
http_interactions:
- request:
    method: get
    uri: http://127.0.0.1:8082/api/publish
    body:
      encoding: US-ASCII
      string: ''
    headers:
      Accept-Encoding:
      - gzip;q=1.0,deflate;q=0.6,identity;q=0.3
      Accept:
      - "*/*"
      User-Agent:
      - Ruby
  response:
    status:
      code: 200
      message: OK
    headers:
      Content-Type:
      - application/json; charset=utf-8
      Date:
      - Thu, 07 May 2015 06:57:13 GMT
      Content-Length:
      - '1783'
    body:
      encoding: UTF-8
      string: '[{"Architectures":["amd64","i386"],"Distribution":"binary1","Label":"","Origin":"","Prefix":".","SourceKind":"local","Sources":[{"Component":"precise4","Name":"rocksoftware22"},{"Component":"precise5","Name":"rocksoftware"}],"Storage":""},{"Architectures":["amd64","i386"],"Distribution":"main","Label":"","Origin":"","Prefix":".","SourceKind":"snapshot","Sources":[{"Component":"main","Name":"rocksoftware300"}],"Storage":""},{"Architectures":["i386"],"Distribution":"precise","Label":"","Origin":"","Prefix":".","SourceKind":"local","Sources":[{"Component":"main","Name":"rocksoftware"}],"Storage":""},{"Architectures":["amd64","i386"],"Distribution":"radical","Label":"","Origin":"","Prefix":".","SourceKind":"snapshot","Sources":[{"Component":"precise2","Name":"rocksoftware300"}],"Storage":""},{"Architectures":["amd64","i386"],"Distribution":"radical2","Label":"zane","Origin":"","Prefix":".","SourceKind":"snapshot","Sources":[{"Component":"precise2","Name":"rocksoftware300"}],"Storage":""},{"Architectures":["amd64","i386"],"Distribution":"precise","Label":"","Origin":"","Prefix":"rocksoft","SourceKind":"snapshot","Sources":[{"Component":"main","Name":"rocksoftware22_snap"}],"Storage":""},{"Architectures":["amd64","i386"],"Distribution":"precise","Label":"","Origin":"","Prefix":"stable","SourceKind":"local","Sources":[{"Component":"main","Name":"stable-repo"}],"Storage":""},{"Architectures":["amd64","i386"],"Distribution":"precise-testing","Label":"","Origin":"","Prefix":"testing","SourceKind":"local","Sources":[{"Component":"main","Name":"testing-repo"}],"Storage":""},{"Architectures":["amd64","i386"],"Distribution":"precise2","Label":"","Origin":"","Prefix":".","SourceKind":"snapshot","Sources":[{"Component":"main2","Name":"rocksoftware301"}],"Storage":""}]

'
    http_version: 
  recorded_at: Thu, 07 May 2015 06:57:13 GMT
- request:
    method: delete
    uri: http://127.0.0.1:8082/api/publish/rocksoftware/precise?force=1
    body:
      encoding: US-ASCII
      string: ''
    headers:
      Accept-Encoding:
      - gzip;q=1.0,deflate;q=0.6,identity;q=0.3
      Accept:
      - "*/*"
      User-Agent:
      - Ruby
  response:
    status:
      code: 307
      message: Temporary Redirect
    headers:
      Location:
      - "/api/publish/rocksoftware/precise?force=1"
      Date:
      - Thu, 07 May 2015 06:57:13 GMT
      Content-Length:
      - '0'
      Content-Type:
      - text/plain; charset=utf-8
    body:
      encoding: UTF-8
      string: ''
    http_version: 
  recorded_at: Thu, 07 May 2015 06:57:13 GMT
- request:
    method: post
    uri: http://127.0.0.1:8082/api/publish
    body:
      encoding: UTF-8
      string: '{"SourceKind":"snapshot","Sources":[{"Name":"rocksoftware301","Component":"main2"}],"Distribution":"precise2"}'
    headers:
      Content-Type:
      - application/json
  response:
    status:
      code: 400
      message: Bad Request
    headers:
      Content-Type:
      - application/json; charset=utf-8
      Date:
      - Thu, 07 May 2015 06:57:13 GMT
      Content-Length:
      - '203'
    body:
      encoding: UTF-8
      string: '[{"error":"prefix/distribution already used by another published repo:
        ./precise2 [amd64, i386] publishes {main2: [rocksoftware301]: Snapshot from
        local repo [stable-repo]}","meta":"Operation aborted"}]

'
    http_version: 
  recorded_at: Thu, 07 May 2015 06:57:13 GMT
- request:
    method: delete
    uri: http://127.0.0.1:8082/api/publish//precise?force=1
    body:
      encoding: US-ASCII
      string: ''
    headers:
      Accept-Encoding:
      - gzip;q=1.0,deflate;q=0.6,identity;q=0.3
      Accept:
      - "*/*"
      User-Agent:
      - Ruby
  response:
    status:
      code: 200
      message: OK
    headers:
      Content-Type:
      - application/json; charset=utf-8
      Date:
      - Thu, 07 May 2015 07:02:28 GMT
      Content-Length:
      - '3'
    body:
      encoding: UTF-8
      string: "{}\n"
    http_version: 
  recorded_at: Thu, 07 May 2015 07:02:28 GMT
- request:
    method: delete
    uri: http://127.0.0.1:8082/api/publish//radical2
    body:
      encoding: US-ASCII
      string: ''
    headers: {}
  response:
    status:
      code: 200
      message: OK
    headers:
      Content-Type:
      - application/json; charset=utf-8
      Date:
      - Thu, 14 May 2015 06:15:42 GMT
      Content-Length:
      - '3'
    body:
      encoding: UTF-8
      string: "{}\n"
    http_version: 
  recorded_at: Thu, 14 May 2015 06:27:03 GMT
- request:
    method: put
    uri: http://127.0.0.1:8082/api/publish//precise
    body:
      encoding: UTF-8
      string: '{"Distribution":"precise","Forceoverwrite":true}'
    headers:
      Content-Type:
      - application/json
  response:
    status:
      code: 200
      message: OK
    headers:
      Content-Type:
      - application/json; charset=utf-8
      Date:
      - Sat, 19 Mar 2016 04:46:43 GMT
      Content-Length:
      - '195'
    body:
      encoding: UTF-8
      string: '{"Architectures":["amd64","i386"],"Distribution":"precise","Label":"","Origin":"","Prefix":".","SourceKind":"snapshot","Sources":[{"Component":"main","Name":"rocksoftware22_snap"}],"Storage":""}

'
    http_version: 
  recorded_at: Sat, 19 Mar 2016 04:46:43 GMT
recorded_with: VCR 2.9.3
